Last login: Thu Oct 14 08:32:24 on ttys000
mariuszrokosz@Mariusz-Rokosz ~ % cd kurs-gita
mariuszrokosz@Mariusz-Rokosz kurs-gita % git show modyfyfy
commit 0d0a15d2dfb863ae3f8a002da5d9099f4228a87e (tag: modyfyfy)
Author: Mariusz Rokosz <mariusz.rokosz@htdevelopers.com>
Date:   Wed Oct 13 15:12:20 2021 +0200

    Modifikacje

diff --git a/Terminal Saved Output b/Terminal Saved Output
index a597be2..9b0cae0 100644
--- a/Terminal Saved Output     
+++ b/Terminal Saved Output     
@@ -2368,8 +2368,481 @@ Changes not staged for commit:
        modified:   examples/jumbotron/index.html
 
 mariuszrokosz@Mariusz-Rokosz kurs-gita % git commit .
+hint: Waiting for your editor to close the file... error: There was a problem with the editor 'vi'.
+Please supply the message using either -m or -F option.
+mariuszrokosz@Mariusz-Rokosz kurs-gita % git log
+fatal: your current branch 'master' does not have any commits yet
+mariuszrokosz@Mariusz-Rokosz kurs-gita % git commit .
+hint: Waiting for your editor to close the file... error: There was a problem with the editor 'vi'.
+Please supply the message using either -m or -F option.
+mariuszrokosz@Mariusz-Rokosz kurs-gita % git commit index.html
+hint: Waiting for your editor to close the file... error: There was a problem with the editor 'vi'.
+Please supply the message using either -m or -F option.
+mariuszrokosz@Mariusz-Rokosz kurs-gita % git log
+fatal: your current branch 'master' does not have any commits yet
+mariuszrokosz@Mariusz-Rokosz kurs-gita % git status
+On branch master
+
+No commits yet
+
+Changes to be committed:
+  (use "git rm --cached <file>..." to unstage)
+       new file:   LICENSE
+       new file:   Terminal Saved Output
+       new file:   _data/browser-bugs.yml
+       new file:   _data/browser-features.yml
+       new file:   _data/core-team.yml
+       new file:   _data/glyphicons.yml
+       new file:   _data/sass-team.yml
+       new file:   _data/showcase.yml
+       new file:   _data/translations.yml
+       new file:   _includes/ads.html
+       new file:   _includes/components/alerts.html
+       new file:   _includes/components/badges.html
+       new file:   _includes/components/breadcrumbs.html
+       new file:   _includes/components/button-dropdowns.html
+       new file:   _includes/components/button-groups.html
+       new file:   _includes/components/dropdowns.html
+       new file:   _includes/components/glyphicons.html
+       new file:   _includes/components/input-groups.html
+       new file:   _includes/components/jumbotron.html
+       new file:   _includes/components/labels.html
+       new file:   _includes/components/list-group.html
+       new file:   _includes/components/media.html
+       new file:   _includes/components/navbar.html
+       new file:   _includes/components/navs.html
+       new file:   _includes/components/page-header.html
+       new file:   _includes/components/pagination.html
+       new file:   _includes/components/panels.html
+       new file:   _includes/components/progress-bars.html
+       new file:   _includes/components/responsive-embed.html
+       new file:   _includes/components/thumbnails.html
+       new file:   _includes/components/wells.html
+       new file:   _includes/css/buttons.html
+       new file:   _includes/css/code.html
+       new file:   _includes/css/forms.html
+       new file:   _includes/css/grid.html
+       new file:   _includes/css/helpers.html
+       new file:   _includes/css/images.html
+       new file:   _includes/css/less.html
+       new file:   _includes/css/overview.html
+       new file:   _includes/css/responsive-utilities.html
+       new file:   _includes/css/sass.html
+       new file:   _includes/css/tables.html
+       new file:   _includes/css/type.html
+       new file:   _includes/customizer-variables.html
+       new file:   _includes/footer.html
+       new file:   _includes/getting-started/accessibility.html
+       new file:   _includes/getting-started/browser-device-support.html
+       new file:   _includes/getting-started/community.html
+       new file:   _includes/getting-started/disabling-responsiveness.html
+       new file:   _includes/getting-started/download.html
+       new file:   _includes/getting-started/examples.html
+       new file:   _includes/getting-started/grunt.html
+       new file:   _includes/getting-started/license.html
+       new file:   _includes/getting-started/template.html
+       new file:   _includes/getting-started/third-party-support.html
+       new file:   _includes/getting-started/tools.html
+       new file:   _includes/getting-started/translations.html
+       new file:   _includes/getting-started/whats-included.html
+       new file:   _includes/header.html
+       new file:   _includes/js/affix.html
+       new file:   _includes/js/alerts.html
+       new file:   _includes/js/buttons.html
+       new file:   _includes/js/carousel.html
+       new file:   _includes/js/collapse.html
+       new file:   _includes/js/dropdowns.html
+       new file:   _includes/js/modal.html
+       new file:   _includes/js/overview.html
+       new file:   _includes/js/popovers.html
+       new file:   _includes/js/scrollspy.html
+       new file:   _includes/js/tabs.html
+       new file:   _includes/js/tooltips.html
+       new file:   _includes/js/transitions.html
+       new file:   _includes/nav/about.html
+       new file:   _includes/nav/components.html
+       new file:   _includes/nav/css.html
+       new file:   _includes/nav/customize.html
+       new file:   _includes/nav/getting-started.html
+       new file:   _includes/nav/javascript.html
+       new file:   _includes/nav/main.html
+       new file:   _includes/nav/migration.html
+       new file:   _layouts/default.html
+       new file:   _layouts/home.html
+       new file:   _plugins/bridge.rb
+       new file:   _plugins/bugify.rb
+       new file:   _pug/customizer-nav.pug
+       new file:   _pug/customizer-variables.pug
+       new file:   about.html
+       new file:   apple-touch-icon.png
+       new file:   assets/brand/bootstrap-outline.svg
+       new file:   assets/brand/bootstrap-punchout.svg
+       new file:   assets/brand/bootstrap-solid.svg
+       new file:   assets/css/docs.min.css
+       new file:   assets/css/docs.min.css.map
+       new file:   assets/css/ie10-viewport-bug-workaround.css
+       new file:   assets/css/src/docs.css
+       new file:   assets/css/src/pygments-manni.css
+       new file:   assets/flash/ZeroClipboard.swf
+       new file:   assets/img/components.png
+       new file:   assets/img/devices.png
+       new file:   assets/img/expo-lyft.jpg
+       new file:   assets/img/expo-newsweek.jpg
+       new file:   assets/img/expo-riot.jpg
+       new file:   assets/img/expo-vogue.jpg
+       new file:   assets/img/sass-less.png
+       new file:   assets/js/customize.min.js
+       new file:   assets/js/docs.min.js
+       new file:   assets/js/ie-emulation-modes-warning.js
+       new file:   assets/js/ie10-viewport-bug-workaround.js
+       new file:   assets/js/ie8-responsive-file-warning.js
+       new file:   assets/js/raw-files.min.js
+       new file:   assets/js/src/application.js
+       new file:   assets/js/src/customizer.js
+       new file:   assets/js/vendor/Blob.js
+       new file:   assets/js/vendor/FileSaver.js
+       new file:   assets/js/vendor/ZeroClipboard.min.js
+       new file:   assets/js/vendor/anchor.min.js
+       new file:   assets/js/vendor/autoprefixer.js
+       new file:   assets/js/vendor/holder.min.js
+       new file:   assets/js/vendor/jquery.min.js
+       new file:   assets/js/vendor/jszip.min.js
+       new file:   assets/js/vendor/less.min.js
+       new file:   assets/js/vendor/uglify.min.js
+       new file:   browser-bugs.html
+       new file:   components.html
+       new file:   css.html
+       new file:   customize.html
+       new file:   dist/css/bootstrap-theme.css
+       new file:   dist/css/bootstrap-theme.css.map
+       new file:   dist/css/bootstrap-theme.min.css
+       new file:   dist/css/bootstrap-theme.min.css.map
+       new file:   dist/css/bootstrap.css
+       new file:   dist/css/bootstrap.css.map
+       new file:   dist/css/bootstrap.min.css
+       new file:   dist/css/bootstrap.min.css.map
+       new file:   dist/fonts/glyphicons-halflings-regular.eot
+       new file:   dist/fonts/glyphicons-halflings-regular.svg
+       new file:   dist/fonts/glyphicons-halflings-regular.ttf
+       new file:   assets/js/vendor/ZeroClipboard.min.js
+       new file:   assets/js/vendor/anchor.min.js
+       new file:   assets/js/vendor/autoprefixer.js
+       new file:   assets/js/vendor/holder.min.js
+       new file:   assets/js/vendor/jquery.min.js
+       new file:   assets/js/vendor/jszip.min.js
+       new file:   assets/js/vendor/less.min.js
+       new file:   assets/js/vendor/uglify.min.js
+       new file:   browser-bugs.html
+       new file:   components.html
+       new file:   css.html
+       new file:   customize.html
+       new file:   dist/css/bootstrap-theme.css
+       new file:   dist/css/bootstrap-theme.css.map
+       new file:   dist/css/bootstrap-theme.min.css
+       new file:   dist/css/bootstrap-theme.min.css.map
+       new file:   dist/css/bootstrap.css
+       new file:   dist/css/bootstrap.css.map
+       new file:   dist/css/bootstrap.min.css
+       new file:   dist/css/bootstrap.min.css.map
+       new file:   dist/fonts/glyphicons-halflings-regular.eot
+       new file:   dist/fonts/glyphicons-halflings-regular.svg
+       new file:   dist/fonts/glyphicons-halflings-regular.ttf
mariuszrokosz@Mariusz-Rokosz kurs-gita % git show modyfyfy
commit 0d0a15d2dfb863ae3f8a002da5d9099f4228a87e (tag: modyfyfy)
Author: Mariusz Rokosz <mariusz.rokosz@htdevelopers.com>
Date:   Wed Oct 13 15:12:20 2021 +0200

    Modifikacje

diff --git a/Terminal Saved Output b/Terminal Saved Output
index a597be2..9b0cae0 100644
--- a/Terminal Saved Output     
+++ b/Terminal Saved Output     
@@ -2368,8 +2368,481 @@ Changes not staged for commit:
        modified:   examples/jumbotron/index.html
 
 mariuszrokosz@Mariusz-Rokosz kurs-gita % git commit .
+hint: Waiting for your editor to close the file... error: There was a problem with the editor 'vi'.
+Please supply the message using either -m or -F option.
+mariuszrokosz@Mariusz-Rokosz kurs-gita % git log
+fatal: your current branch 'master' does not have any commits yet
+mariuszrokosz@Mariusz-Rokosz kurs-gita % git commit .
+hint: Waiting for your editor to close the file... error: There was a problem with the editor 'vi'.
+Please supply the message using either -m or -F option.
+mariuszrokosz@Mariusz-Rokosz kurs-gita % git commit index.html
+hint: Waiting for your editor to close the file... error: There was a problem with the editor 'vi'.
+Please supply the message using either -m or -F option.
+mariuszrokosz@Mariusz-Rokosz kurs-gita % git log
+fatal: your current branch 'master' does not have any commits yet
+mariuszrokosz@Mariusz-Rokosz kurs-gita % git status
+On branch master
+
+No commits yet
+
+Changes to be committed:
+  (use "git rm --cached <file>..." to unstage)
+       new file:   LICENSE
+       new file:   Terminal Saved Output
+       new file:   _data/browser-bugs.yml
+       new file:   _data/browser-features.yml
+       new file:   _data/core-team.yml
+       new file:   _data/glyphicons.yml
+       new file:   _data/sass-team.yml
+       new file:   _data/showcase.yml
+       new file:   _data/translations.yml
+       new file:   _includes/ads.html
+       new file:   _includes/components/alerts.html
+       new file:   _includes/components/badges.html
+       new file:   _includes/components/breadcrumbs.html
+       new file:   _includes/components/button-dropdowns.html
+       new file:   _includes/components/button-groups.html
+       new file:   _includes/components/dropdowns.html
+       new file:   _includes/components/glyphicons.html
+       new file:   _includes/components/input-groups.html
+       new file:   _includes/components/jumbotron.html
+       new file:   _includes/components/labels.html
+       new file:   _includes/components/list-group.html
+       new file:   _includes/components/media.html
+       new file:   _includes/components/navbar.html
+       new file:   _includes/components/navs.html
+       new file:   _includes/components/page-header.html
+       new file:   _includes/components/pagination.html
+       new file:   _includes/components/panels.html
+       new file:   _includes/components/progress-bars.html
+       new file:   _includes/components/responsive-embed.html
+       new file:   _includes/components/thumbnails.html
+       new file:   _includes/components/wells.html
+       new file:   _includes/css/buttons.html
+       new file:   _includes/css/code.html
+       new file:   _includes/css/forms.html
+       new file:   _includes/css/grid.html
+       new file:   _includes/css/helpers.html
+       new file:   _includes/css/images.html
+       new file:   _includes/css/less.html
+       new file:   _includes/css/overview.html
+       new file:   _includes/css/responsive-utilities.html
+       new file:   _includes/css/sass.html
+       new file:   _includes/css/tables.html
+       new file:   _includes/css/type.html
+       new file:   _includes/customizer-variables.html
+       new file:   _includes/footer.html
+       new file:   _includes/getting-started/accessibility.html
+       new file:   _includes/getting-started/browser-device-support.html
+       new file:   _includes/getting-started/community.html
+       new file:   _includes/getting-started/disabling-responsiveness.html
+       new file:   _includes/getting-started/download.html
+       new file:   _includes/getting-started/examples.html
+       new file:   _includes/getting-started/grunt.html
+       new file:   _includes/getting-started/license.html
+       new file:   _includes/getting-started/template.html
+       new file:   _includes/getting-started/third-party-support.html
+       new file:   _includes/getting-started/tools.html
+       new file:   _includes/getting-started/translations.html
+       new file:   _includes/getting-started/whats-included.html
+       new file:   _includes/header.html
+       new file:   _includes/js/affix.html
+       new file:   _includes/js/alerts.html
+       new file:   _includes/js/buttons.html
+       new file:   _includes/js/carousel.html
+       new file:   _includes/js/collapse.html
+       new file:   _includes/js/dropdowns.html
+       new file:   _includes/js/modal.html
+       new file:   _includes/js/overview.html
+       new file:   _includes/js/popovers.html
+       new file:   _includes/js/scrollspy.html
+       new file:   _includes/js/tabs.html
+       new file:   _includes/js/tooltips.html
+       new file:   _includes/js/transitions.html
+       new file:   _includes/nav/about.html
+       new file:   _includes/nav/components.html
+       new file:   _includes/nav/css.html
+       new file:   _includes/nav/customize.html
+       new file:   _includes/nav/getting-started.html
+       new file:   _includes/nav/javascript.html
+       new file:   _includes/nav/main.html
+       new file:   _includes/nav/migration.html
+       new file:   _layouts/default.html
+       new file:   _layouts/home.html
+       new file:   _plugins/bridge.rb
+       new file:   _plugins/bugify.rb
+       new file:   _pug/customizer-nav.pug
+       new file:   _pug/customizer-variables.pug
+       new file:   about.html
+       new file:   apple-touch-icon.png
+       new file:   assets/brand/bootstrap-outline.svg
+       new file:   assets/brand/bootstrap-punchout.svg
+       new file:   assets/brand/bootstrap-solid.svg
+       new file:   assets/css/docs.min.css
+       new file:   assets/css/docs.min.css.map
+       new file:   assets/css/ie10-viewport-bug-workaround.css
+       new file:   assets/css/src/docs.css
+       new file:   assets/css/src/pygments-manni.css
+       new file:   assets/flash/ZeroClipboard.swf
+       new file:   assets/img/components.png
+       new file:   assets/img/devices.png
+       new file:   assets/img/expo-lyft.jpg
+       new file:   assets/img/expo-newsweek.jpg
+       new file:   assets/img/expo-riot.jpg
+       new file:   assets/img/expo-vogue.jpg
+       new file:   assets/img/sass-less.png
+       new file:   assets/js/customize.min.js
+       new file:   assets/js/docs.min.js
+       new file:   assets/js/ie-emulation-modes-warning.js
+       new file:   assets/js/ie10-viewport-bug-workaround.js
+       new file:   assets/js/ie8-responsive-file-warning.js
+       new file:   assets/js/raw-files.min.js
+       new file:   assets/js/src/application.js
+       new file:   assets/js/src/customizer.js
+       new file:   assets/js/vendor/Blob.js
+       new file:   assets/js/vendor/FileSaver.js
+       new file:   assets/js/vendor/ZeroClipboard.min.js
+       new file:   assets/js/vendor/anchor.min.js
+       new file:   assets/js/vendor/autoprefixer.js
+       new file:   assets/js/vendor/holder.min.js
+       new file:   assets/js/vendor/jquery.min.js
+       new file:   assets/js/vendor/jszip.min.js
+       new file:   assets/js/vendor/less.min.js
+       new file:   assets/js/vendor/uglify.min.js
+       new file:   browser-bugs.html
+       new file:   components.html
+       new file:   css.html
+       new file:   customize.html
+       new file:   dist/css/bootstrap-theme.css
+       new file:   dist/css/bootstrap-theme.css.map
+       new file:   dist/css/bootstrap-theme.min.css
+       new file:   dist/css/bootstrap-theme.min.css.map
+       new file:   dist/css/bootstrap.css
+       new file:   dist/css/bootstrap.css.map
+       new file:   dist/css/bootstrap.min.css
+       new file:   dist/css/bootstrap.min.css.map
+       new file:   dist/fonts/glyphicons-halflings-regular.eot
+       new file:   dist/fonts/glyphicons-halflings-regular.svg
+       new file:   dist/fonts/glyphicons-halflings-regular.ttf
+       new file:   dist/fonts/glyphicons-halflings-regular.woff
+       new file:   dist/fonts/glyphicons-halflings-regular.woff2
+       new file:   dist/js/bootstrap.js
+       new file:   dist/js/bootstrap.min.js
+       new file:   dist/js/npm.js
+       new file:   examples/blog/blog.css
+       new file:   examples/blog/index.html
+       new file:   examples/carousel/carousel.css
+       new file:   examples/carousel/index.html
+       new file:   examples/cover/cover.css
+       new file:   examples/cover/index.html
+       new file:   examples/dashboard/dashboard.css
+       new file:   examples/dashboard/index.html
+       new file:   examples/grid/grid.css
+       new file:   examples/grid/index.html
+       new file:   examples/jumbotron-narrow/index.html
+       new file:   examples/jumbotron-narrow/jumbotron-narrow.css
+       new file:   examples/jumbotron/index.html
+       new file:   examples/jumbotron/jumbotron.css
+       new file:   examples/justified-nav/index.html
+       new file:   examples/justified-nav/justified-nav.css
+       new file:   examples/navbar-fixed-top/index.html
+       new file:   examples/navbar-fixed-top/navbar-fixed-top.css
+       new file:   examples/navbar-static-top/index.html
+       new file:   examples/navbar-static-top/navbar-static-top.css
+       new file:   examples/navbar/index.html
+       new file:   examples/navbar/navbar.css
+       new file:   examples/non-responsive/index.html
+       new file:   examples/non-responsive/non-responsive.css
+       new file:   examples/offcanvas/index.html
+       new file:   examples/offcanvas/offcanvas.css
+       new file:   examples/offcanvas/offcanvas.js
+       new file:   examples/screenshots/blog.jpg
+       new file:   examples/screenshots/carousel.jpg
+       new file:   examples/screenshots/cover.jpg
+       new file:   examples/screenshots/dashboard.jpg
+       new file:   examples/screenshots/equal-height-columns.jpg
+       new file:   examples/screenshots/grid.jpg
+       new file:   examples/screenshots/jumbotron-narrow.jpg
+       new file:   examples/screenshots/jumbotron.jpg
+       new file:   examples/screenshots/justified-nav.jpg
+       new file:   examples/screenshots/navbar-fixed.jpg
+       new file:   examples/screenshots/navbar-static.jpg
+       new file:   examples/screenshots/navbar.jpg
+       new file:   examples/screenshots/non-responsive.jpg
+       new file:   examples/screenshots/offcanvas.jpg
+       new file:   examples/screenshots/sign-in.jpg
+       new file:   examples/screenshots/starter-template.jpg
+       new file:   examples/screenshots/sticky-footer-navbar.jpg
+       new file:   examples/screenshots/sticky-footer.jpg
+       new file:   examples/screenshots/theme.jpg
+       new file:   examples/signin/index.html
+       new file:   examples/signin/signin.css
+       new file:   examples/starter-template/index.html
+       new file:   examples/starter-template/starter-template.css
+       new file:   examples/sticky-footer-navbar/index.html
+       new file:   examples/sticky-footer-navbar/sticky-footer-navbar.css
+       new file:   examples/sticky-footer/index.html
+       new file:   examples/sticky-footer/sticky-footer.css
+       new file:   examples/theme/index.html
+       new file:   examples/theme/theme.css
+       new file:   examples/tooltip-viewport/index.html
+       new file:   examples/tooltip-viewport/tooltip-viewport.css
+       new file:   examples/tooltip-viewport/tooltip-viewport.js
+       new file:   favicon.ico
+       new file:   getting-started.html
+       new file:   index.html
+       new file:   javascript.html
+       new file:   migration.html
+       new file:   new_file.txt
+       new file:   readme.md
+       new file:   robots.txt
+
+Changes not staged for commit:
+  (use "git add <file>..." to update what will be committed)
+  (use "git restore <file>..." to discard changes in working directory)
+       modified:   Terminal Saved Output
+       modified:   examples/jumbotron/index.html
+
+Untracked files:
+  (use "git add <file>..." to include in what will be committed)
+       commit indeksik
+
+mariuszrokosz@Mariusz-Rokosz kurs-gita % git add commmit indeksik
+fatal: pathspec 'commmit' did not match any files
+mariuszrokosz@Mariusz-Rokosz kurs-gita % git add commit indeksik 
+fatal: pathspec 'commit' did not match any files
+mariuszrokosz@Mariusz-Rokosz kurs-gita % git add <commit indeksik>
+zsh: parse error near `\n'
+mariuszrokosz@Mariusz-Rokosz kurs-gita % git add .
+mariuszrokosz@Mariusz-Rokosz kurs-gita % git status
+On branch master
+
+No commits yet
+
+Changes to be committed:
+  (use "git rm --cached <file>..." to unstage)
+       new file:   LICENSE
+       new file:   Terminal Saved Output
+       new file:   _data/browser-bugs.yml
+       new file:   _data/browser-features.yml
+       new file:   _data/core-team.yml
+       new file:   _data/glyphicons.yml
+       new file:   _data/sass-team.yml
+       new file:   _data/showcase.yml
+       new file:   _data/translations.yml
+       new file:   _includes/ads.html
+       new file:   _includes/components/alerts.html
+       new file:   _includes/components/badges.html
+       new file:   _includes/components/breadcrumbs.html
+       new file:   _includes/components/button-dropdowns.html
+       new file:   _includes/components/button-groups.html
+       new file:   _includes/components/dropdowns.html
+       new file:   _includes/components/glyphicons.html
+       new file:   _includes/components/input-groups.html
+       new file:   _includes/components/jumbotron.html
+               new file:   _includes/components/labels.html
+       new file:   _includes/components/list-group.html
+       new file:   _includes/components/media.html
+       new file:   _includes/components/navbar.html
+       new file:   _includes/components/navs.html
+       new file:   _includes/components/page-header.html
+       new file:   _includes/components/pagination.html
+       new file:   _includes/components/panels.html
+       new file:   _includes/components/progress-bars.html
+       new file:   _includes/components/responsive-embed.html
+       new file:   _includes/components/thumbnails.html
+       new file:   _includes/components/wells.html
+       new file:   _includes/css/buttons.html
+       new file:   _includes/css/code.html
+       new file:   _includes/css/forms.html
+       new file:   _includes/css/grid.html
+       new file:   _includes/css/helpers.html
+       new file:   _includes/css/images.html
+       new file:   _includes/css/less.html
+       new file:   _includes/css/overview.html
+       new file:   _includes/css/responsive-utilities.html
+       new file:   _includes/css/sass.html
+       new file:   _includes/css/tables.html
+       new file:   _includes/css/type.html
+       new file:   _includes/customizer-variables.html
+       new file:   _includes/footer.html
+       new file:   _includes/getting-started/accessibility.html
+       new file:   _includes/getting-started/browser-device-support.html
+       new file:   _includes/getting-started/community.html
+       new file:   _includes/getting-started/disabling-responsiveness.html
+       new file:   _includes/getting-started/download.html
+       new file:   _includes/getting-started/examples.html
+       new file:   _includes/getting-started/grunt.html
+       new file:   _includes/getting-started/license.html
+       new file:   _includes/getting-started/template.html
+       new file:   _includes/getting-started/third-party-support.html
+       new file:   _includes/getting-started/tools.html
+       new file:   _includes/getting-started/translations.html
+       new file:   _includes/getting-started/whats-included.html
+       new file:   _includes/header.html
+       new file:   _includes/js/affix.html
+       new file:   _includes/js/alerts.html
+       new file:   _includes/js/buttons.html
+       new file:   _includes/js/carousel.html
+       new file:   _includes/js/collapse.html
+       new file:   _includes/js/dropdowns.html
+       new file:   _includes/js/modal.html
+       new file:   _includes/js/overview.html
+       new file:   _includes/js/popovers.html
+       new file:   _includes/js/scrollspy.html
+       new file:   _includes/js/tabs.html
+       new file:   _includes/js/tooltips.html
+       new file:   _includes/js/transitions.html
+       new file:   _includes/nav/about.html
+       new file:   _includes/nav/components.html
+       new file:   _includes/nav/css.html
+       new file:   _includes/nav/customize.html
+       new file:   _includes/nav/getting-started.html
+       new file:   _includes/nav/javascript.html
+       new file:   _includes/nav/main.html
+       new file:   _includes/nav/migration.html
+       new file:   _layouts/default.html
+       new file:   _layouts/home.html
+       new file:   _plugins/bridge.rb
+       new file:   _plugins/bugify.rb
+       new file:   _pug/customizer-nav.pug
+       new file:   _pug/customizer-variables.pug
+       new file:   about.html
+       new file:   apple-touch-icon.png
+       new file:   assets/brand/bootstrap-outline.svg
+       new file:   assets/brand/bootstrap-punchout.svg
+       new file:   assets/brand/bootstrap-solid.svg
+       new file:   assets/css/docs.min.css
+       new file:   assets/css/docs.min.css.map
+       new file:   assets/css/ie10-viewport-bug-workaround.css
+       new file:   assets/css/src/docs.css
+       new file:   assets/css/src/pygments-manni.css
+       new file:   assets/flash/ZeroClipboard.swf
+       new file:   assets/img/components.png
+       new file:   assets/img/devices.png
+       new file:   assets/img/expo-lyft.jpg
+       new file:   assets/img/expo-newsweek.jpg
+       new file:   assets/img/expo-riot.jpg
+       new file:   assets/img/expo-vogue.jpg
+       new file:   assets/img/sass-less.png
+       new file:   assets/js/customize.min.js
+       new file:   assets/js/docs.min.js
+       new file:   assets/js/ie-emulation-modes-warning.js
+       new file:   assets/js/ie10-viewport-bug-workaround.js
+       new file:   assets/js/ie8-responsive-file-warning.js
+       new file:   assets/js/raw-files.min.js
+       new file:   assets/js/src/application.js
+       new file:   assets/js/src/customizer.js
+       new file:   assets/js/vendor/Blob.js
+       new file:   assets/js/vendor/FileSaver.js
+       new file:   assets/js/vendor/ZeroClipboard.min.js
+       new file:   assets/js/vendor/anchor.min.js
+       new file:   assets/js/vendor/autoprefixer.js
+       new file:   assets/js/vendor/holder.min.js
+       new file:   assets/js/vendor/jquery.min.js
+       new file:   assets/js/vendor/jszip.min.js
+       new file:   assets/js/vendor/less.min.js
+       new file:   assets/js/vendor/uglify.min.js
+       new file:   browser-bugs.html
+       new file:   commit indeksik
+       new file:   components.html
+       new file:   css.html
+       new file:   customize.html
+       new file:   dist/css/bootstrap-theme.css
+       new file:   dist/css/bootstrap-theme.css.map
+       new file:   dist/css/bootstrap-theme.min.css
+       new file:   dist/css/bootstrap-theme.min.css.map
+       new file:   dist/css/bootstrap.css
+       new file:   dist/css/bootstrap.css.map
+       new file:   dist/css/bootstrap.min.css
+       new file:   dist/css/bootstrap.min.css.map
+       new file:   dist/fonts/glyphicons-halflings-regular.eot
+       new file:   dist/fonts/glyphicons-halflings-regular.svg
+       new file:   dist/fonts/glyphicons-halflings-regular.ttf
+       new file:   dist/fonts/glyphicons-halflings-regular.woff
+       new file:   dist/fonts/glyphicons-halflings-regular.woff2
+       new file:   dist/js/bootstrap.js
+       new file:   dist/js/bootstrap.min.js
+       new file:   dist/js/npm.js
+       new file:   examples/blog/blog.css
+       new file:   examples/blog/index.html
+       new file:   examples/carousel/carousel.css
+       new file:   examples/carousel/index.html
+       new file:   examples/cover/cover.css
+       new file:   examples/cover/index.html
+       new file:   examples/dashboard/dashboard.css
+       new file:   examples/dashboard/index.html
+       new file:   examples/grid/grid.css
+       new file:   examples/grid/index.html
+       new file:   examples/jumbotron-narrow/index.html
+       new file:   examples/jumbotron-narrow/jumbotron-narrow.css
+       new file:   examples/jumbotron/index.html
+       new file:   examples/jumbotron/jumbotron.css
+       new file:   examples/justified-nav/index.html
+       new file:   examples/justified-nav/justified-nav.css
+       new file:   examples/navbar-fixed-top/index.html
+       new file:   examples/navbar-fixed-top/navbar-fixed-top.css
+       new file:   examples/navbar-static-top/index.html
+       new file:   examples/navbar-static-top/navbar-static-top.css
+       new file:   examples/navbar/index.html
+       new file:   examples/navbar/navbar.css
+       new file:   examples/non-responsive/index.html
+       new file:   examples/non-responsive/non-responsive.css
+       new file:   examples/offcanvas/index.html
+       new file:   examples/offcanvas/offcanvas.css
+       new file:   examples/offcanvas/offcanvas.js
+       new file:   examples/screenshots/blog.jpg
+       new file:   examples/screenshots/carousel.jpg
+       new file:   examples/screenshots/cover.jpg
+       new file:   examples/screenshots/dashboard.jpg
+       new file:   examples/screenshots/equal-height-columns.jpg
+       new file:   examples/screenshots/grid.jpg
+       new file:   examples/screenshots/jumbotron-narrow.jpg
+       new file:   examples/screenshots/jumbotron.jpg
+       new file:   examples/screenshots/justified-nav.jpg
+       new file:   examples/screenshots/navbar-fixed.jpg
+       new file:   examples/screenshots/navbar-static.jpg
+       new file:   examples/screenshots/navbar.jpg
+       new file:   examples/screenshots/non-responsive.jpg
+       new file:   examples/screenshots/offcanvas.jpg
+       new file:   examples/screenshots/sign-in.jpg
+       new file:   examples/screenshots/starter-template.jpg
+       new file:   examples/screenshots/sticky-footer-navbar.jpg
+       new file:   examples/screenshots/sticky-footer.jpg
+       new file:   examples/screenshots/theme.jpg
+       new file:   examples/signin/index.html
+       new file:   examples/signin/signin.css
+       new file:   examples/starter-template/index.html
+       new file:   examples/starter-template/starter-template.css
+       new file:   examples/sticky-footer-navbar/index.html
+       new file:   examples/sticky-footer-navbar/sticky-footer-navbar.css
+       new file:   examples/sticky-footer/index.html
+       new file:   examples/sticky-footer/sticky-footer.css
+       new file:   examples/theme/index.html
+       new file:   examples/theme/theme.css
+       new file:   examples/tooltip-viewport/index.html
+       new file:   examples/tooltip-viewport/tooltip-viewport.css
+       new file:   examples/tooltip-viewport/tooltip-viewport.js
+       new file:   favicon.ico
+       new file:   getting-started.html
+       new file:   index.html
+       new file:   javascript.html
+       new file:   migration.html
+       new file:   new_file.txt
+       new file:   readme.md
+       new file:   robots.txt
+
+mariuszrokosz@Mariusz-Rokosz kurs-gita % git --commit
+unknown option: --commit
+usage: git [--version] [--help] [-C <path>] [-c <name>=<value>]
+           [--exec-path[=<path>]] [--html-path] [--man-path] [--info-path]
+           [-p | --paginate | -P | --no-pager] [--no-replace-objects] [--bare]
+           [--git-dir=<path>] [--work-tree=<path>] [--namespace=<name>]
+           [--super-prefix=<path>] [--config-env=<name>=<envvar>]
+           <command> [<args>]
+mariuszrokosz@Mariusz-Rokosz kurs-gita % git commit .
 hint: Waiting for your editor to close the file... 
-Initial commit with project description file
+Commit plss
 # Please enter the commit message for your changes. Lines starting
 # with '#' will be ignored, and an empty message aborts the commit.
+       new file:   examples/screenshots/navbar-fixed.jpg
+       new file:   examples/screenshots/navbar-static.jpg
+       new file:   examples/screenshots/navbar.jpg
+       new file:   examples/screenshots/non-responsive.jpg
+       new file:   examples/screenshots/offcanvas.jpg
+       new file:   examples/screenshots/sign-in.jpg
+       new file:   examples/screenshots/starter-template.jpg
+       new file:   examples/screenshots/sticky-footer-navbar.jpg
+       new file:   examples/screenshots/sticky-footer.jpg
+       new file:   examples/screenshots/theme.jpg
+       new file:   examples/signin/index.html
+       new file:   examples/signin/signin.css
+       new file:   examples/starter-template/index.html
+       new file:   examples/starter-template/starter-template.css
+       new file:   examples/sticky-footer-navbar/index.html
+       new file:   examples/sticky-footer-navbar/sticky-footer-navbar.css
+       new file:   examples/sticky-footer/index.html
+       new file:   examples/sticky-footer/sticky-footer.css
+       new file:   examples/theme/index.html
+       new file:   examples/theme/theme.css
+       new file:   examples/tooltip-viewport/index.html
+       new file:   examples/tooltip-viewport/tooltip-viewport.css
+       new file:   examples/tooltip-viewport/tooltip-viewport.js
mariuszrokosz@Mariusz-Rokosz kurs-gita % git tag
finish_init
modyfyfy
pls_mod
mariuszrokosz@Mariusz-Rokosz kurs-gita % git tag -d finish_init
Deleted tag 'finish_init' (was 5f854cb)
mariuszrokosz@Mariusz-Rokosz kurs-gita % git tag
modyfyfy
pls_mod
mariuszrokosz@Mariusz-Rokosz kurs-gita % git log --oneline o..h
fatal: ambiguous argument 'o..h': unknown revision or path not in the working tree.
Use '--' to separate paths from revisions, like this:
'git <command> [<revision>...] -- [<file>...]'
mariuszrokosz@Mariusz-Rokosz kurs-gita % git log
commit 5f854cbb303383d9ba9c2520f11cc82bb13e7258 (HEAD -> master)
Author: Mariusz Rokosz <mariusz.rokosz@htdevelopers.com>
Date:   Wed Oct 13 15:15:06 2021 +0200

    hanged to pizdzisko

commit 0d0a15d2dfb863ae3f8a002da5d9099f4228a87e (tag: modyfyfy)
Author: Mariusz Rokosz <mariusz.rokosz@htdevelopers.com>
Date:   Wed Oct 13 15:12:20 2021 +0200

    Modifikacje

commit 119c54f9788e7f6f3c4ce14feebf4b969edaa5a6 (tag: pls_mod)
Author: Mariusz Rokosz <mariusz.rokosz@htdevelopers.com>
Date:   Wed Oct 13 15:11:24 2021 +0200

    Commit plss
mariuszrokosz@Mariusz-Rokosz kurs-gita % git tag
modyfyfy
pls_mod
mariuszrokosz@Mariusz-Rokosz kurs-gita % git branch my_new_branch
mariuszrokosz@Mariusz-Rokosz kurs-gita % git branch
* master
  my_new_branch
mariuszrokosz@Mariusz-Rokosz kurs-gita % git checkout my_new_branch
M	Terminal Saved Output
Switched to branch 'my_new_branch'
mariuszrokosz@Mariusz-Rokosz kurs-gita % git branch
  master
* my_new_branch
mariuszrokosz@Mariusz-Rokosz kurs-gita % git checkout-
git: 'checkout-' is not a git command. See 'git --help'.

The most similar command is
	checkout
mariuszrokosz@Mariusz-Rokosz kurs-gita % git checkout -
M	Terminal Saved Output
Switched to branch 'master'
mariuszrokosz@Mariusz-Rokosz kurs-gita % git checkout -b another_new_branch
Switched to a new branch 'another_new_branch'
mariuszrokosz@Mariusz-Rokosz kurs-gita % git branch
* another_new_branch
  master
  my_new_branch
mariuszrokosz@Mariusz-Rokosz kurs-gita % git show @
commit 5f854cbb303383d9ba9c2520f11cc82bb13e7258 (HEAD -> another_new_branch, my_new_branch, master)
Author: Mariusz Rokosz <mariusz.rokosz@htdevelopers.com>
Date:   Wed Oct 13 15:15:06 2021 +0200

    hanged to pizdzisko

diff --git a/Terminal Saved Output b/Terminal Saved Output
index 9b0cae0..8a59823 100644
--- a/Terminal Saved Output     
+++ b/Terminal Saved Output     
@@ -2841,28 +2841,249 @@ usage: git [--version] [--help] [-C <path>] [-c <name>=<value>]
            [--super-prefix=<path>] [--config-env=<name>=<envvar>]
            <command> [<args>]
 mariuszrokosz@Mariusz-Rokosz kurs-gita % git commit .
+[master (root-commit) 119c54f] Commit plss
+ 210 files changed, 59397 insertions(+)
+ create mode 100644 LICENSE
+ create mode 100644 Terminal Saved Output
+ create mode 100644 _data/browser-bugs.yml
+ create mode 100644 _data/browser-features.yml
+ create mode 100644 _data/core-team.yml
+ create mode 100644 _data/glyphicons.yml
+ create mode 100644 _data/sass-team.yml
+ create mode 100644 _data/showcase.yml
+ create mode 100644 _data/translations.yml
+ create mode 100644 _includes/ads.html
+ create mode 100644 _includes/components/alerts.html
+ create mode 100644 _includes/components/badges.html
+ create mode 100644 _includes/components/breadcrumbs.html
+ create mode 100644 _includes/components/button-dropdowns.html
+ create mode 100644 _includes/components/button-groups.html
+ create mode 100644 _includes/components/dropdowns.html
+ create mode 100644 _includes/components/glyphicons.html
<value>]
commit 5f854cbb303383d9ba9c2520f11cc82bb13e7258 (HEAD -> another_new_branch, my_
commit 5f854cbb303383d9ba9c2520f11cc82bb13e7258 (HEAD -> another_new_branch, my_
new_branch, master)
commit 5f854cbb303383d9ba9c2520f11cc82bb13e7258 (HEAD -> another_new_branch, my_
commit 5f854cbb303383d9ba9c2520f11cc82bb13e7258 (HEAD -> another_new_branch, my_
commit 5f854cbb303383d9ba9c2520f11cc82bb13e7258 (HEAD -> another_new_branch, my_
commit 5f854cbb303383d9ba9c2520f11cc82bb13e7258 (HEAD -> another_new_branch, my_
commit 5f854cbb303383d9ba9c2520f11cc82bb13e7258 (HEAD -> another_new_branch, my_
commit 5f854cbb303383d9ba9c2520f11cc82bb13e7258 (HEAD -> another_new_branch, my_
new_branch, master)
Author: Mariusz Rokosz <mariusz.rokosz@htdevelopers.com>
Date:   Wed Oct 13 15:15:06 2021 +0200

    hanged to pizdzisko

diff --git a/Terminal Saved Output b/Terminal Saved Output
index 9b0cae0..8a59823 100644
--- a/Terminal Saved Output     
+++ b/Terminal Saved Output     
@@ -2841,28 +2841,249 @@ usage: git [--version] [--help] [-C <path>] [-c <name>=
<value>]
            [--super-prefix=<path>] [--config-env=<name>=<envvar>]
            <command> [<args>]
 mariuszrokosz@Mariusz-Rokosz kurs-gita % git commit .
+[master (root-commit) 119c54f] Commit plss
+ 210 files changed, 59397 insertions(+)
+ create mode 100644 LICENSE
+ create mode 100644 Terminal Saved Output
+ create mode 100644 _data/browser-bugs.yml
+ create mode 100644 _data/browser-features.yml
+ create mode 100644 _data/core-team.yml
+ create mode 100644 _data/glyphicons.yml
+ create mode 100644 _data/sass-team.yml
+ create mode 100644 _data/showcase.yml
+ create mode 100644 _data/translations.yml
+ create mode 100644 _includes/ads.html
...skipping...
    hanged to pizdzisko

diff --git a/Terminal Saved Output b/Terminal Saved Output
index 9b0cae0..8a59823 100644
--- a/Terminal Saved Output     
+++ b/Terminal Saved Output     
@@ -2841,28 +2841,249 @@ usage: git [--version] [--help] [-C <path>] [-c <name>=<value>]
            [--super-prefix=<path>] [--config-env=<name>=<envvar>]
            <command> [<args>]
 mariuszrokosz@Mariusz-Rokosz kurs-gita % git commit .
+[master (root-commit) 119c54f] Commit plss
+ 210 files changed, 59397 insertions(+)
+ create mode 100644 LICENSE
+ create mode 100644 Terminal Saved Output
+ create mode 100644 _data/browser-bugs.yml
+ create mode 100644 _data/browser-features.yml
+ create mode 100644 _data/core-team.yml
+ create mode 100644 _data/glyphicons.yml
+ create mode 100644 _data/sass-team.yml
+ create mode 100644 _data/showcase.yml
+ create mode 100644 _data/translations.yml
+ create mode 100644 _includes/ads.html
...skipping...
commit 5f854cbb303383d9ba9c2520f11cc82bb13e7258 (HEAD -> another_new_branch, my_
commit 5f854cbb303383d9ba9c2520f11cc82bb13e7258 (HEAD -> another_new_branch, my_
new_branch, master)
Author: Mariusz Rokosz <mariusz.rokosz@htdevelopers.com>
Date:   Wed Oct 13 15:15:06 2021 +0200

    hanged to pizdzisko

diff --git a/Terminal Saved Output b/Terminal Saved Output
index 9b0cae0..8a59823 100644
--- a/Terminal Saved Output     
+++ b/Terminal Saved Output     
@@ -2841,28 +2841,249 @@ usage: git [--version] [--help] [-C <path>] [-c <name>=<value>]
            [--super-prefix=<path>] [--config-env=<name>=<envvar>]
            <command> [<args>]
 mariuszrokosz@Mariusz-Rokosz kurs-gita % git commit .
+[master (root-commit) 119c54f] Commit plss
+ 210 files changed, 59397 insertions(+)
+ create mode 100644 LICENSE
+ create mode 100644 Terminal Saved Output
+ create mode 100644 _data/browser-bugs.yml
+ create mode 100644 _data/browser-features.yml
+ create mode 100644 _data/core-team.yml
mariuszrokosz@Mariusz-Rokosz kurs-gita % git show @@{15 minutes agp}
zsh: parse error near `}'
mariuszrokosz@Mariusz-Rokosz kurs-gita % git chechout@^
git: 'chechout@^' is not a git command. See 'git --help'.
mariuszrokosz@Mariusz-Rokosz kurs-gita % git checkout @^
error: Your local changes to the following files would be overwritten by checkout:
	Terminal Saved Output
Please commit your changes or stash them before you switch branches.
Aborting
mariuszrokosz@Mariusz-Rokosz kurs-gita % git commit -a
hint: Waiting for your editor to close the file... 
commit terminal
# Please enter the commit message for your changes. Lines starting
# with '#' will be ignored, and an empty message aborts the commit.
#
# On branch another_new_branch
# Changes to be committed:
#       modified:   Terminal Saved Output
#
~                                                                               
~                                                                               
~                                                                               
~                                                                               
~                                                                               
~                                                                               
~                                                                               
~                                                                               
~                                                                               
~                                                                               
~                                                                               
~                                                                               
~                                                                               
~                                                                               
~                                                                               
-- INSERT --
